###############################################################################
#
# IAR ELF Linker V8.22.1.15669/W32 for ARM                30/Nov/2021  19:36:36
# Copyright 2007-2018 IAR Systems AB.
#
#    Output file  =  C:\Users\pnu5\Downloads\project_test\Debug\Exe\test2.out
#    Map file     =  C:\Users\pnu5\Downloads\project_test\Debug\List\test2.map
#    Command line =  
#        -f C:\Users\pnu5\AppData\Local\Temp\EW99F8.tmp
#        (C:\Users\pnu5\Downloads\project_test\Debug\Obj\adc_dma.o
#        C:\Users\pnu5\Downloads\project_test\Debug\Obj\lcd.o
#        C:\Users\pnu5\Downloads\project_test\Debug\Obj\led.o
#        C:\Users\pnu5\Downloads\project_test\Debug\Obj\main.o
#        C:\Users\pnu5\Downloads\project_test\Debug\Obj\misc.o
#        C:\Users\pnu5\Downloads\project_test\Debug\Obj\motor.o
#        C:\Users\pnu5\Downloads\project_test\Debug\Obj\startup_stm32f10x_cl.o
#        C:\Users\pnu5\Downloads\project_test\Debug\Obj\stm32f10x_adc.o
#        C:\Users\pnu5\Downloads\project_test\Debug\Obj\stm32f10x_bkp.o
#        C:\Users\pnu5\Downloads\project_test\Debug\Obj\stm32f10x_can.o
#        C:\Users\pnu5\Downloads\project_test\Debug\Obj\stm32f10x_cec.o
#        C:\Users\pnu5\Downloads\project_test\Debug\Obj\stm32f10x_crc.o
#        C:\Users\pnu5\Downloads\project_test\Debug\Obj\stm32f10x_dac.o
#        C:\Users\pnu5\Downloads\project_test\Debug\Obj\stm32f10x_dbgmcu.o
#        C:\Users\pnu5\Downloads\project_test\Debug\Obj\stm32f10x_dma.o
#        C:\Users\pnu5\Downloads\project_test\Debug\Obj\stm32f10x_exti.o
#        C:\Users\pnu5\Downloads\project_test\Debug\Obj\stm32f10x_flash.o
#        C:\Users\pnu5\Downloads\project_test\Debug\Obj\stm32f10x_fsmc.o
#        C:\Users\pnu5\Downloads\project_test\Debug\Obj\stm32f10x_gpio.o
#        C:\Users\pnu5\Downloads\project_test\Debug\Obj\stm32f10x_i2c.o
#        C:\Users\pnu5\Downloads\project_test\Debug\Obj\stm32f10x_it.o
#        C:\Users\pnu5\Downloads\project_test\Debug\Obj\stm32f10x_iwdg.o
#        C:\Users\pnu5\Downloads\project_test\Debug\Obj\stm32f10x_pwr.o
#        C:\Users\pnu5\Downloads\project_test\Debug\Obj\stm32f10x_rcc.o
#        C:\Users\pnu5\Downloads\project_test\Debug\Obj\stm32f10x_rtc.o
#        C:\Users\pnu5\Downloads\project_test\Debug\Obj\stm32f10x_sdio.o
#        C:\Users\pnu5\Downloads\project_test\Debug\Obj\stm32f10x_spi.o
#        C:\Users\pnu5\Downloads\project_test\Debug\Obj\stm32f10x_tim.o
#        C:\Users\pnu5\Downloads\project_test\Debug\Obj\stm32f10x_usart.o
#        C:\Users\pnu5\Downloads\project_test\Debug\Obj\stm32f10x_wwdg.o
#        C:\Users\pnu5\Downloads\project_test\Debug\Obj\system_stm32f10x.o
#        C:\Users\pnu5\Downloads\project_test\Debug\Obj\touch.o
#        C:\Users\pnu5\Downloads\project_test\Debug\Obj\waterpump.o -o
#        C:\Users\pnu5\Downloads\project_test\Debug\Exe\test2.out --map
#        C:\Users\pnu5\Downloads\project_test\Debug\List\test2.map --log
#        libraries,initialization,modules,redirects,sections,veneers,unused_fragments,call_graph
#        --log_file C:\Users\pnu5\Downloads\project_test\Debug\List\test2.log
#        --config C:\Users\pnu5\Downloads\project_test\myicf.icf --semihosting
#        --entry __iar_program_start --vfe --text_out locale)
#
###############################################################################

*******************************************************************************
*** RUNTIME MODEL ATTRIBUTES
***

CppFlavor       = *
__SystemLibrary = DLib
__dlib_version  = 6


*******************************************************************************
*** HEAP SELECTION
***

The basic heap was selected because no calls to memory allocation
functions were found in the application outside of system library
functions, and there are calls to deallocation functions in the
application.


*******************************************************************************
*** PLACEMENT SUMMARY
***

"A0":  place at 0x08000000 { ro section .intvec };
"P1":  place in [from 0x08000000 to 0x08080000] { ro };
define block CSTACK with size = 4K, alignment = 8 { };
define block HEAP with size = 4K, alignment = 8 { };
"P2":  place in [from 0x20000000 to 0x20008000] {
          rw, block CSTACK, block HEAP };
initialize by copy { rw };

  Section            Kind        Address    Size  Object
  -------            ----        -------    ----  ------
"A0":                                      0x150
  .intvec            ro code  0x08000000   0x150  startup_stm32f10x_cl.o [1]
                            - 0x08000150   0x150

"P1":                                     0x54a9
  .text              ro code  0x08000150   0xe22  xprintffull_nomb.o [3]
  .text              ro code  0x08000f72     0xa  xsprout.o [3]
  .text              ro code  0x08000f7c    0x16  strchr.o [5]
  .text              ro code  0x08000f94    0x40  xfail_s.o [3]
  .text              ro code  0x08000fd4    0x36  strlen.o [5]
  .text              ro code  0x0800100c    0x58  memchr.o [5]
  .text              ro code  0x08001064   0x22e  I64DivMod.o [5]
  .text              ro code  0x08001294   0x1a2  DblMul.o [4]
  .text              ro code  0x08001438    0xa6  ABImemcpy.o [5]
  .text              ro code  0x080014e0    0x70  frexp.o [4]
  .text              ro code  0x08001550    0x2e  DblCmpLe.o [4]
  .text              ro code  0x08001580    0x2e  DblCmpGe.o [4]
  .text              ro code  0x080015b0   0x13a  ldexp.o [4]
  .text              ro code  0x080016ec    0x3a  DblToS32.o [4]
  .text              ro code  0x08001728    0x22  S32ToDbl.o [4]
  .text              ro code  0x0800174c    0xe2  DblSub.o [4]
  .text              ro code  0x08001830   0x246  DblDiv.o [4]
  .text              ro code  0x08001a78    0x28  DblToU32.o [4]
  .text              ro code  0x08001aa0    0x1a  U32ToDbl.o [4]
  .text              ro code  0x08001aba     0x6  abort.o [3]
  .text              ro code  0x08001ac0     0x2  I64DivZer.o [5]
  .text              ro code  0x08001ac4   0x178  DblAdd.o [4]
  .text              ro code  0x08001c3c    0x14  exit.o [6]
  .text              ro code  0x08001c50    0x7c  iarttio.o [6]
  .text              ro code  0x08001ccc    0x3c  XShttio.o [3]
  .text              ro code  0x08001d08   0xbbc  lcd.o [1]
  .text              ro code  0x080028c4    0xec  stm32f10x_gpio.o [1]
  .text              ro code  0x080029b0    0x48  stm32f10x_rcc.o [1]
  .text              ro code  0x080029f8     0x8  abs.o [3]
  .text              ro code  0x08002a00   0x79c  touch.o [1]
  .text              ro code  0x0800319c    0x1c  U32ToFlt.o [4]
  .text              ro code  0x080031b8    0xd8  FltMul.o [4]
  .text              ro code  0x08003290    0x24  S32ToFlt.o [4]
  .text              ro code  0x080032b4    0xe2  FltAdd.o [4]
  .text              ro code  0x08003398    0x2a  FltToS32.o [4]
  .text              ro code  0x080033c4    0xf2  sqrt.o [4]
  .text              ro code  0x080034b8    0xfc  FltDiv.o [4]
  .text              ro code  0x080035b4    0x24  FltCmpLe.o [4]
  .text              ro code  0x080035d8    0x24  FltCmpGe.o [4]
  .text              ro code  0x080035fc    0x80  FltSub.o [4]
  .rodata            const    0x0800367c   0x5f0  lcd.o [1]
  .rodata            const    0x08003c6c   0x594  lcd.o [1]
  .rodata            const    0x08004200   0x474  lcd.o [1]
  .text              ro code  0x08004674   0x338  main.o [1]
  .text              ro code  0x080049ac   0x1b0  adc_dma.o [1]
  .text              ro code  0x08004b5c    0xe4  led.o [1]
  .text              ro code  0x08004c40    0x2c  waterpump.o [1]
  .text              ro code  0x08004c6c    0x2c  motor.o [1]
  .text              ro code  0x08004c98   0x1a4  system_stm32f10x.o [1]
  .text              ro code  0x08004e3c    0x28  printf.o [3]
  .text              ro code  0x08004e64    0x48  FltToDbl.o [4]
  .text              ro code  0x08004eac    0x40  sprintf.o [3]
  .text              ro code  0x08004eec   0x1a0  stm32f10x_adc.o [1]
  .text              ro code  0x0800508c   0x1ec  stm32f10x_dma.o [1]
  .text              ro code  0x08005278    0x70  misc.o [1]
  .text              ro code  0x080052e8    0x38  packbits_init_single.o [5]
  .text              ro code  0x08005320    0x28  data_init.o [5]
  .text              ro code  0x08005348    0x22  iarwrite.o [6]
  .iar.init_table    const    0x0800536c    0x10  - Linker created -
  .text              ro code  0x0800537c    0x20  putchar.o [3]
  .text              ro code  0x0800539c    0x10  write.o [6]
  .text              ro code  0x080053ac    0x1e  dwrite.o [6]
  .text              ro code  0x080053ca    0x20  iarwstd.o [6]
  .text              ro code  0x080053ec    0x1e  cmain.o [5]
  .text              ro code  0x0800540a     0x4  low_level_init.o [3]
  .text              ro code  0x0800540e     0x4  exit.o [3]
  .text              ro code  0x08005414     0xa  cexit.o [5]
  .text              ro code  0x0800541e    0x16  xprout.o [3]
  .rodata            const    0x08005434    0x14  main.o [1]
  .text              ro code  0x08005448    0x12  stm32f10x_it.o [1]
  .rodata            const    0x0800545c    0x10  main.o [1]
  .text              ro code  0x0800546c    0x10  startup_stm32f10x_cl.o [1]
  .rodata            const    0x0800547c     0xc  main.o [1]
  .rodata            const    0x08005488     0xc  main.o [1]
  .rodata            const    0x08005494     0xc  main.o [1]
  .rodata            const    0x080054a0     0xc  main.o [1]
  .text              ro code  0x080054ac     0xc  cstartup_M.o [5]
  .rodata            const    0x080054b8     0x8  main.o [1]
  .rodata            const    0x080054c0     0x8  main.o [1]
  .text              ro code  0x080054c8     0x4  startup_stm32f10x_cl.o [1]
  .text              ro code  0x080054cc     0x4  startup_stm32f10x_cl.o [1]
  .text              ro code  0x080054d0     0x4  startup_stm32f10x_cl.o [1]
  .text              ro code  0x080054d4     0x4  startup_stm32f10x_cl.o [1]
  .text              ro code  0x080054d8     0x4  startup_stm32f10x_cl.o [1]
  .text              ro code  0x080054dc     0x4  startup_stm32f10x_cl.o [1]
  .text              ro code  0x080054e0     0x4  startup_stm32f10x_cl.o [1]
  .text              ro code  0x080054e4     0x4  startup_stm32f10x_cl.o [1]
  .text              ro code  0x080054e8     0x4  startup_stm32f10x_cl.o [1]
  .text              ro code  0x080054ec     0x4  startup_stm32f10x_cl.o [1]
  .text              ro code  0x080054f0     0x4  startup_stm32f10x_cl.o [1]
  .text              ro code  0x080054f4     0x4  startup_stm32f10x_cl.o [1]
  .text              ro code  0x080054f8     0x4  startup_stm32f10x_cl.o [1]
  .text              ro code  0x080054fc     0x4  startup_stm32f10x_cl.o [1]
  .text              ro code  0x08005500     0x4  startup_stm32f10x_cl.o [1]
  .text              ro code  0x08005504     0x4  startup_stm32f10x_cl.o [1]
  .text              ro code  0x08005508     0x4  startup_stm32f10x_cl.o [1]
  .text              ro code  0x0800550c     0x4  startup_stm32f10x_cl.o [1]
  .text              ro code  0x08005510     0x4  startup_stm32f10x_cl.o [1]
  .text              ro code  0x08005514     0x4  startup_stm32f10x_cl.o [1]
  .text              ro code  0x08005518     0x4  startup_stm32f10x_cl.o [1]
  .text              ro code  0x0800551c     0x4  startup_stm32f10x_cl.o [1]
  .text              ro code  0x08005520     0x4  startup_stm32f10x_cl.o [1]
  .text              ro code  0x08005524     0x4  startup_stm32f10x_cl.o [1]
  .text              ro code  0x08005528     0x4  startup_stm32f10x_cl.o [1]
  .text              ro code  0x0800552c     0x4  startup_stm32f10x_cl.o [1]
  .text              ro code  0x08005530     0x4  startup_stm32f10x_cl.o [1]
  .text              ro code  0x08005534     0x4  startup_stm32f10x_cl.o [1]
  .text              ro code  0x08005538     0x4  startup_stm32f10x_cl.o [1]
  .text              ro code  0x0800553c     0x4  startup_stm32f10x_cl.o [1]
  .text              ro code  0x08005540     0x4  startup_stm32f10x_cl.o [1]
  .text              ro code  0x08005544     0x4  startup_stm32f10x_cl.o [1]
  .text              ro code  0x08005548     0x4  startup_stm32f10x_cl.o [1]
  .text              ro code  0x0800554c     0x4  startup_stm32f10x_cl.o [1]
  .text              ro code  0x08005550     0x4  startup_stm32f10x_cl.o [1]
  .text              ro code  0x08005554     0x4  startup_stm32f10x_cl.o [1]
  .text              ro code  0x08005558     0x4  startup_stm32f10x_cl.o [1]
  .text              ro code  0x0800555c     0x4  startup_stm32f10x_cl.o [1]
  .text              ro code  0x08005560     0x4  startup_stm32f10x_cl.o [1]
  .text              ro code  0x08005564     0x4  startup_stm32f10x_cl.o [1]
  .text              ro code  0x08005568     0x4  startup_stm32f10x_cl.o [1]
  .text              ro code  0x0800556c     0x4  startup_stm32f10x_cl.o [1]
  .text              ro code  0x08005570     0x4  startup_stm32f10x_cl.o [1]
  .text              ro code  0x08005574     0x4  startup_stm32f10x_cl.o [1]
  .text              ro code  0x08005578     0x4  startup_stm32f10x_cl.o [1]
  .text              ro code  0x0800557c     0x4  startup_stm32f10x_cl.o [1]
  .text              ro code  0x08005580     0x4  startup_stm32f10x_cl.o [1]
  .text              ro code  0x08005584     0x4  startup_stm32f10x_cl.o [1]
  .text              ro code  0x08005588     0x4  startup_stm32f10x_cl.o [1]
  .text              ro code  0x0800558c     0x4  startup_stm32f10x_cl.o [1]
  .text              ro code  0x08005590     0x4  startup_stm32f10x_cl.o [1]
  .text              ro code  0x08005594     0x4  startup_stm32f10x_cl.o [1]
  .text              ro code  0x08005598     0x4  startup_stm32f10x_cl.o [1]
  .text              ro code  0x0800559c     0x4  startup_stm32f10x_cl.o [1]
  .text              ro code  0x080055a0     0x4  startup_stm32f10x_cl.o [1]
  .text              ro code  0x080055a4     0x4  startup_stm32f10x_cl.o [1]
  .text              ro code  0x080055a8     0x4  startup_stm32f10x_cl.o [1]
  .text              ro code  0x080055ac     0x4  startup_stm32f10x_cl.o [1]
  .text              ro code  0x080055b0     0x4  startup_stm32f10x_cl.o [1]
  .text              ro code  0x080055b4     0x4  startup_stm32f10x_cl.o [1]
  .text              ro code  0x080055b8     0x4  startup_stm32f10x_cl.o [1]
  .text              ro code  0x080055bc     0x4  startup_stm32f10x_cl.o [1]
  .text              ro code  0x080055c0     0x4  startup_stm32f10x_cl.o [1]
  .text              ro code  0x080055c4     0x4  startup_stm32f10x_cl.o [1]
  .text              ro code  0x080055c8     0x4  startup_stm32f10x_cl.o [1]
  .text              ro code  0x080055cc     0x4  startup_stm32f10x_cl.o [1]
  .text              ro code  0x080055d0     0x4  startup_stm32f10x_cl.o [1]
  .text              ro code  0x080055d4     0x4  startup_stm32f10x_cl.o [1]
  .text              ro code  0x080055d8     0x4  startup_stm32f10x_cl.o [1]
  .text              ro code  0x080055dc     0x4  startup_stm32f10x_cl.o [1]
  .rodata            const    0x080055e0     0x0  packbits_init_single.o [5]
  Initializer bytes  const    0x080055e0    0x19  <for P2-1>
                            - 0x080055f9  0x54a9

"P2", part 1 of 2:                          0x77
  P2-1                        0x20000000    0x77  <Init block>
    .data            inited   0x20000000    0x20  main.o [1]
    .data            inited   0x20000020     0x8  XShttio.o [3]
    .bss             inited   0x20000028    0x10  adc_dma.o [1]
    .bss             inited   0x20000038     0x4  adc_dma.o [1]
    .bss             inited   0x2000003c     0xc  main.o [1]
    .bss             inited   0x20000048     0x4  main.o [1]
    .bss             inited   0x2000004c     0x4  main.o [1]
    .bss             inited   0x20000050     0xc  main.o [1]
    .bss             inited   0x2000005c     0x4  touch.o [1]
    .bss             inited   0x20000060     0x4  touch.o [1]
    .bss             inited   0x20000064     0x4  xfail_s.o [3]
    .bss             inited   0x20000068     0x2  lcd.o [1]
    .bss             inited   0x2000006a     0x2  main.o [1]
    .bss             inited   0x2000006c     0x2  main.o [1]
    .bss             inited   0x2000006e     0x2  main.o [1]
    .bss             inited   0x20000070     0x2  main.o [1]
    .bss             inited   0x20000072     0x2  touch.o [1]
    .bss             inited   0x20000074     0x2  touch.o [1]
    .bss             inited   0x20000076     0x1  XShttio.o [3]
                            - 0x20000077    0x77

"P2", part 2 of 2:                        0x1000
  CSTACK                      0x20000078  0x1000  <Block>
    CSTACK           uninit   0x20000078  0x1000  <Block tail>
                            - 0x20001078  0x1000


*******************************************************************************
*** INIT TABLE
***

          Address     Size
          -------     ----
Copy/packbits (__iar_packbits_init_single3)
    1 source range, total size 0x19 (21% of destination):
          0x080055e0  0x19
    1 destination range, total size 0x77:
          0x20000000  0x77



*******************************************************************************
*** MODULE SUMMARY
***

    Module                  ro code  ro data  rw data
    ------                  -------  -------  -------
C:\Users\pnu5\Downloads\project_test\Debug\Obj: [1]
    adc_dma.o                   432        4       20
    lcd.o                     3 004    4 089        2
    led.o                       228
    main.o                      824      114       72
    misc.o                      112
    motor.o                      44
    startup_stm32f10x_cl.o      632
    stm32f10x_adc.o             416
    stm32f10x_dma.o             492
    stm32f10x_gpio.o            236
    stm32f10x_it.o               18
    stm32f10x_rcc.o              72
    system_stm32f10x.o          420
    touch.o                   1 948        3       12
    waterpump.o                  44
    -------------------------------------------------
    Total:                    8 922    4 210      106

command line: [2]
    -------------------------------------------------
    Total:

dl7M_tln.a: [3]
    XShttio.o                    60        3        9
    abort.o                       6
    abs.o                         8
    exit.o                        4
    low_level_init.o              4
    printf.o                     40
    putchar.o                    32
    sprintf.o                    64
    xfail_s.o                    64                 4
    xprintffull_nomb.o        3 618
    xprout.o                     22
    xsprout.o                    10
    -------------------------------------------------
    Total:                    3 932        3       13

m7M_tl.a: [4]
    DblAdd.o                    376
    DblCmpGe.o                   46
    DblCmpLe.o                   46
    DblDiv.o                    582
    DblMul.o                    418
    DblSub.o                    226
    DblToS32.o                   58
    DblToU32.o                   40
    FltAdd.o                    226
    FltCmpGe.o                   36
    FltCmpLe.o                   36
    FltDiv.o                    252
    FltMul.o                    216
    FltSub.o                    128
    FltToDbl.o                   72
    FltToS32.o                   42
    S32ToDbl.o                   34
    S32ToFlt.o                   36
    U32ToDbl.o                   26
    U32ToFlt.o                   28
    frexp.o                     112
    ldexp.o                     314
    sqrt.o                      242
    -------------------------------------------------
    Total:                    3 592

rt7M_tl.a: [5]
    ABImemcpy.o                 166
    I64DivMod.o                 558
    I64DivZer.o                   2
    cexit.o                      10
    cmain.o                      30
    cstartup_M.o                 12
    data_init.o                  40
    memchr.o                     88
    packbits_init_single.o       56
    strchr.o                     22
    strlen.o                     54
    -------------------------------------------------
    Total:                    1 038

shb_l.a: [6]
    dwrite.o                     30
    exit.o                       20
    iarttio.o                   124
    iarwrite.o                   34
    iarwstd.o                    32
    write.o                      16
    -------------------------------------------------
    Total:                      256

    Gaps                         36        4
    Linker created                        16    4 096
-----------------------------------------------------
    Grand Total:             17 776    4 233    4 215


*******************************************************************************
*** ENTRY LIST
***

Entry                      Address   Size  Type      Object
-----                      -------   ----  ----      ------
.iar.init_table$$Base   0x0800536c          --   Gb  - Linker created -
.iar.init_table$$Limit  0x0800537c          --   Gb  - Linker created -
?main                   0x080053ed         Code  Gb  cmain.o [5]
ADCInit                 0x080049c1   0xe4  Code  Gb  adc_dma.o [1]
ADC_Cmd                 0x08004f37   0x1a  Code  Gb  stm32f10x_adc.o [1]
ADC_DMACmd              0x08004f51   0x1a  Code  Gb  stm32f10x_adc.o [1]
ADC_GetCalibrationStatus
                        0x08004f91   0x12  Code  Gb  stm32f10x_adc.o [1]
ADC_GetResetCalibrationStatus
                        0x08004f75   0x12  Code  Gb  stm32f10x_adc.o [1]
ADC_Init                0x08004eed   0x4a  Code  Gb  stm32f10x_adc.o [1]
ADC_RegularChannelConfig
                        0x08004fbd   0xc6  Code  Gb  stm32f10x_adc.o [1]
ADC_ResetCalibration    0x08004f6b    0xa  Code  Gb  stm32f10x_adc.o [1]
ADC_SoftwareStartConvCmd
                        0x08004fa3   0x1a  Code  Gb  stm32f10x_adc.o [1]
ADC_StartCalibration    0x08004f87    0xa  Code  Gb  stm32f10x_adc.o [1]
ADC_values              0x20000028   0x10  Data  Gb  adc_dma.o [1]
ADS_Read_AD             0x08002a55   0x9e  Code  Gb  touch.o [1]
ADS_Read_XY             0x08002af3   0xae  Code  Gb  touch.o [1]
ADS_Write_Byte          0x08002a01   0x52  Code  Gb  touch.o [1]
BusFault_Handler        0x0800544f    0x2  Code  Gb  stm32f10x_it.o [1]
CSTACK$$Base            0x20000078          --   Gb  - Linker created -
CSTACK$$Limit           0x20001078          --   Gb  - Linker created -
Convert_Pos             0x08002e1f   0x58  Code  Gb  touch.o [1]
DMA1_Channel1_IRQHandler
                        0x08004b25   0x1e  Code  Gb  adc_dma.o [1]
DMAInit                 0x08004aa5   0x80  Code  Gb  adc_dma.o [1]
DMA_ClearITPendingBit   0x08005227   0x10  Code  Gb  stm32f10x_dma.o [1]
DMA_Cmd                 0x080051d3   0x1c  Code  Gb  stm32f10x_dma.o [1]
DMA_DeInit              0x0800508d  0x10a  Code  Gb  stm32f10x_dma.o [1]
DMA_GetITStatus         0x08005207   0x20  Code  Gb  stm32f10x_dma.o [1]
DMA_ITConfig            0x080051ef   0x18  Code  Gb  stm32f10x_dma.o [1]
DMA_Init                0x08005197   0x3c  Code  Gb  stm32f10x_dma.o [1]
DebugMon_Handler        0x08005455    0x2  Code  Gb  stm32f10x_it.o [1]
Delay                   0x0800469d    0xe  Code  Gb  main.o [1]
DeviceCode              0x20000068    0x2  Data  Gb  lcd.o [1]
Drow_Touch_Point        0x08002dab   0x68  Code  Gb  touch.o [1]
GBHZ_16                 0x08003c6c  0x594  Data  Gb  lcd.o [1]
GPIO_Init               0x080028c5   0xc4  Code  Gb  stm32f10x_gpio.o [1]
GPIO_ReadInputData      0x08002999    0x6  Code  Gb  stm32f10x_gpio.o [1]
GPIO_ResetBits          0x080029a5    0x6  Code  Gb  stm32f10x_gpio.o [1]
GPIO_SetBits            0x0800299f    0x6  Code  Gb  stm32f10x_gpio.o [1]
GPIO_StructInit         0x08002989   0x10  Code  Gb  stm32f10x_gpio.o [1]
GPIO_Write              0x080029ab    0x6  Code  Gb  stm32f10x_gpio.o [1]
HardFault_Handler       0x0800544b    0x2  Code  Gb  stm32f10x_it.o [1]
Init                    0x08004675   0x28  Code  Gb  main.o [1]
LCD_Clear               0x08002255   0x28  Code  Gb  lcd.o [1]
LCD_Configuration       0x08001e69   0x74  Code  Lc  lcd.o [1]
LCD_Delay               0x08001edd   0x26  Code  Lc  lcd.o [1]
LCD_DrawLine            0x08002313  0x110  Code  Gb  lcd.o [1]
LCD_DrawPoint           0x080022fb   0x18  Code  Gb  lcd.o [1]
LCD_DrawRectangle       0x08002423   0x5c  Code  Gb  lcd.o [1]
LCD_Init                0x08001f1b  0x33a  Code  Gb  lcd.o [1]
LCD_ReadReg             0x08001db5   0x8c  Code  Lc  lcd.o [1]
LCD_SetCursor           0x0800227d   0x3e  Code  Gb  lcd.o [1]
LCD_ShowChar            0x0800247f  0x100  Code  Gb  lcd.o [1]
LCD_ShowCharString      0x0800257f   0x58  Code  Gb  lcd.o [1]
LCD_ShowHzString        0x08002847   0x62  Code  Gb  lcd.o [1]
LCD_ShowNum             0x080025d7   0xe8  Code  Gb  lcd.o [1]
LCD_ShowString          0x080026bf   0x5e  Code  Gb  lcd.o [1]
LCD_WR_DATA             0x08001d5f   0x56  Code  Lc  lcd.o [1]
LCD_WR_REG              0x08001d09   0x56  Code  Lc  lcd.o [1]
LCD_WindowMax           0x080022bb   0x40  Code  Gb  lcd.o [1]
LCD_WriteRAM            0x08001e5f    0xa  Code  Lc  lcd.o [1]
LCD_WriteRAM_Prepare    0x08001e55    0xa  Code  Lc  lcd.o [1]
LCD_WriteReg            0x08001e41   0x14  Code  Lc  lcd.o [1]
LoadInt                 0x08000303   0x7a  Code  Lc  xprintffull_nomb.o [3]
MemManage_Handler       0x0800544d    0x2  Code  Gb  stm32f10x_it.o [1]
NMI_Handler             0x08005449    0x2  Code  Gb  stm32f10x_it.o [1]
NVIC_Init               0x08005279   0x60  Code  Gb  misc.o [1]
PendSV_Handler          0x08005457    0x2  Code  Gb  stm32f10x_it.o [1]
RCC_AHBPeriphClockCmd   0x080029b1   0x20  Code  Gb  stm32f10x_rcc.o [1]
RCC_APB2PeriphClockCmd  0x080029d1   0x20  Code  Gb  stm32f10x_rcc.o [1]
Read_ADSX               0x08002ba1   0x1c  Code  Gb  touch.o [1]
Read_ADSY               0x08002bbd   0x1c  Code  Gb  touch.o [1]
Refreshes_Screen        0x08002e13    0xc  Code  Gb  touch.o [1]
Region$$Table$$Base     0x0800536c          --   Gb  - Linker created -
Region$$Table$$Limit    0x0800537c          --   Gb  - Linker created -
SVC_Handler             0x08005453    0x2  Code  Gb  stm32f10x_it.o [1]
SetSysClock             0x08004cff    0x8  Code  Lc  system_stm32f10x.o [1]
SetSysClockTo72         0x08004d07  0x110  Code  Lc  system_stm32f10x.o [1]
SysTick_Handler         0x08005459    0x2  Code  Gb  stm32f10x_it.o [1]
SystemInit              0x08004c99   0x66  Code  Gb  system_stm32f10x.o [1]
Touch_Adjust            0x08002e77  0x2ee  Code  Gb  touch.o [1]
Touch_Configuration     0x08002d59   0x52  Code  Gb  touch.o [1]
Touch_GetXY             0x08002d19   0x40  Code  Gb  touch.o [1]
Touch_GexX              0x08002bd9   0xa0  Code  Gb  touch.o [1]
Touch_GexY              0x08002c79   0xa0  Code  Gb  touch.o [1]
UsageFault_Handler      0x08005451    0x2  Code  Gb  stm32f10x_it.o [1]
WriteOneHz              0x08002765   0xe2  Code  Lc  lcd.o [1]
_GenldFullNoMb          0x08000c71  0x274  Code  Lc  xprintffull_nomb.o [3]
_LdtobFullNoMb          0x08000845  0x3fe  Code  Lc  xprintffull_nomb.o [3]
_LitobFullNoMb          0x080006ed  0x112  Code  Lc  xprintffull_nomb.o [3]
_PrintfFullNoMb         0x08000151  0x1a4  Code  Gb  xprintffull_nomb.o [3]
_Prout                  0x0800541f   0x16  Code  Gb  xprout.o [3]
_PutcharsFullNoMb       0x08000ee5   0x2e  Code  Lc  xprintffull_nomb.o [3]
_PutfldFullNoMb         0x0800037d  0x264  Code  Lc  xprintffull_nomb.o [3]
_PuttxtFullNoMb         0x080005e1  0x10c  Code  Lc  xprintffull_nomb.o [3]
_SProut                 0x08000f73    0xa  Code  Gb  xsprout.o [3]
__aeabi_cdcmple         0x08001551         Code  Gb  DblCmpLe.o [4]
__aeabi_cdrcmple        0x08001581         Code  Gb  DblCmpGe.o [4]
__aeabi_cfcmple         0x080035b5         Code  Gb  FltCmpLe.o [4]
__aeabi_cfrcmple        0x080035d9         Code  Gb  FltCmpGe.o [4]
__aeabi_d2iz            0x080016ed         Code  Gb  DblToS32.o [4]
__aeabi_d2uiz           0x08001a79         Code  Gb  DblToU32.o [4]
__aeabi_dadd            0x08001ac5         Code  Gb  DblAdd.o [4]
__aeabi_ddiv            0x08001831         Code  Gb  DblDiv.o [4]
__aeabi_dmul            0x08001295         Code  Gb  DblMul.o [4]
__aeabi_dsub            0x0800174d         Code  Gb  DblSub.o [4]
__aeabi_f2d             0x08004e65         Code  Gb  FltToDbl.o [4]
__aeabi_f2iz            0x08003399         Code  Gb  FltToS32.o [4]
__aeabi_fadd            0x080032b5         Code  Gb  FltAdd.o [4]
__aeabi_fdiv            0x080034b9         Code  Gb  FltDiv.o [4]
__aeabi_fmul            0x080031b9         Code  Gb  FltMul.o [4]
__aeabi_fsub            0x080035fd         Code  Gb  FltSub.o [4]
__aeabi_i2d             0x08001729         Code  Gb  S32ToDbl.o [4]
__aeabi_i2f             0x08003291         Code  Gb  S32ToFlt.o [4]
__aeabi_ldiv0           0x08001ac1         Code  Gb  I64DivZer.o [5]
__aeabi_memcpy          0x08001439         Code  Gb  ABImemcpy.o [5]
__aeabi_memcpy4         0x08001459         Code  Gb  ABImemcpy.o [5]
__aeabi_memcpy8         0x08001459         Code  Gb  ABImemcpy.o [5]
__aeabi_ui2d            0x08001aa1         Code  Gb  U32ToDbl.o [4]
__aeabi_ui2f            0x0800319d         Code  Gb  U32ToFlt.o [4]
__aeabi_uldivmod        0x08001065         Code  Gb  I64DivMod.o [5]
__cmain                 0x080053ed         Code  Gb  cmain.o [5]
__dwrite                0x080053ad   0x1e  Code  Gb  dwrite.o [6]
__exit                  0x08001c3d   0x14  Code  Gb  exit.o [6]
__iar_Fail_s            0x08000f95   0x1c  Code  Gb  xfail_s.o [3]
__iar_Memchr            0x0800100d         Code  Gb  memchr.o [5]
__iar_Strchr            0x08000f7d         Code  Gb  strchr.o [5]
__iar_close_ttio        0x08001c51   0x2c  Code  Gb  iarttio.o [6]
__iar_dadd              0x0800175d         Code  Gb  DblSub.o [4]
__iar_data_init3        0x08005321   0x28  Code  Gb  data_init.o [5]
__iar_dsub              0x08001ad5         Code  Gb  DblAdd.o [4]
__iar_dsubStart         0x08001ae7         Code  Gb  DblAdd.o [4]
__iar_fadd              0x08003609         Code  Gb  FltSub.o [4]
__iar_frexp             0x080014ed         Code  Gb  frexp.o [4]
__iar_frexp64           0x080014e1         Code  Gb  frexp.o [4]
__iar_frexpl            0x080014ed         Code  Gb  frexp.o [4]
__iar_fsub              0x080032c1         Code  Gb  FltAdd.o [4]
__iar_fsubStart         0x080032d1         Code  Gb  FltAdd.o [4]
__iar_get_ttio          0x08001c7d   0x4c  Code  Gb  iarttio.o [6]
__iar_ldexp64           0x080015b1         Code  Gb  ldexp.o [4]
__iar_lookup_ttioh      0x08001cfb    0x4  Code  Gb  XShttio.o [3]
__iar_packbits_init_single3
                        0x080052e9   0x38  Code  Gb  packbits_init_single.o [5]
__iar_program_start     0x080054ad         Code  Gb  cstartup_M.o [5]
__iar_scalbln64         0x080015b1         Code  Gb  ldexp.o [4]
__iar_scalbn64          0x080015b1         Code  Gb  ldexp.o [4]
__iar_sh_stdout         0x080053cb   0x20  Code  Gb  iarwstd.o [6]
__iar_sh_write          0x08005349   0x22  Code  Gb  iarwrite.o [6]
__iar_sqrt64            0x080033c5         Code  Gb  sqrt.o [4]
__iar_systems$$module {Abs}
                        0x00000001         Data  Gb  command line/config [2]
__iar_ttio_guard_lock   0x08001ccd   0x1e  Code  Gb  XShttio.o [3]
__iar_ttio_guard_unlock
                        0x08001ceb   0x10  Code  Gb  XShttio.o [3]
__iar_ttio_handles      0x20000020    0x8  Data  Lc  XShttio.o [3]
__low_level_init        0x0800540b    0x4  Code  Gb  low_level_init.o [3]
__status                0x20000038    0x4  Data  Lc  adc_dma.o [1]
__vector_table          0x08000000         Data  Gb  startup_stm32f10x_cl.o [1]
__write                 0x0800539d   0x10  Code  Gb  write.o [6]
_call_main              0x080053f9         Code  Gb  cmain.o [5]
_exit                   0x08005415         Code  Gb  cexit.o [5]
_main                   0x08005407         Code  Gb  cmain.o [5]
abort                   0x08001abb    0x6  Code  Gb  abort.o [3]
abs                     0x080029f9    0x8  Code  Gb  abs.o [3]
adc_dma_init            0x080049ad   0x14  Code  Gb  adc_dma.o [1]
asc2_1206               0x08004200  0x474  Data  Gb  lcd.o [1]
asc2_1608               0x0800367c  0x5f0  Data  Gb  lcd.o [1]
conX                    0x2000006e    0x2  Data  Gb  main.o [1]
conY                    0x20000070    0x2  Data  Gb  main.o [1]
control_str             0x20000000   0x20  Data  Gb  main.o [1]
control_values          0x2000003c    0xc  Data  Gb  main.o [1]
exit                    0x0800540f    0x4  Code  Gb  exit.o [3]
findHzIndex             0x0800271d   0x48  Code  Lc  lcd.o [1]
frexp                   0x080014e1         Code  Gb  frexp.o [4]
frexpl                  0x080014e1         Code  Gb  frexp.o [4]
humidity                0x2000004c    0x4  Data  Gb  main.o [1]
ldexp                   0x080015b1         Code  Gb  ldexp.o [4]
ldexpl                  0x080015b1         Code  Gb  ldexp.o [4]
led_control             0x08004b83   0xb8  Code  Gb  led.o [1]
led_init                0x08004b5d   0x26  Code  Gb  led.o [1]
light                   0x20000048    0x4  Data  Gb  main.o [1]
main                    0x080046ab  0x296  Code  Gb  main.o [1]
memchr                  0x0800100d         Code  Gb  memchr.o [5]
motor_init              0x08004c6d   0x2c  Code  Gb  motor.o [1]
mypow                   0x08001f03   0x18  Code  Lc  lcd.o [1]
posX                    0x2000006a    0x2  Data  Gb  main.o [1]
posY                    0x2000006c    0x2  Data  Gb  main.o [1]
printf                  0x08004e3d   0x28  Code  Gb  printf.o [3]
putchar                 0x0800537d   0x20  Code  Gb  putchar.o [3]
scalbln                 0x080015b1         Code  Gb  ldexp.o [4]
scalblnl                0x080015b1         Code  Gb  ldexp.o [4]
scalbn                  0x080015b1         Code  Gb  ldexp.o [4]
scalbnl                 0x080015b1         Code  Gb  ldexp.o [4]
scale                   0x080007ff   0x46  Code  Lc  xprintffull_nomb.o [3]
sec_hand                0x20000064    0x4  Data  Lc  xfail_s.o [3]
sprintf                 0x08004ead   0x40  Code  Gb  sprintf.o [3]
sqrt                    0x080033c5         Code  Gb  sqrt.o [4]
sqrtl                   0x080033c5         Code  Gb  sqrt.o [4]
strchr                  0x08000f7d         Code  Gb  strchr.o [5]
strlen                  0x08000fd5         Code  Gb  strlen.o [5]
temperature             0x20000050    0xc  Data  Gb  main.o [1]
ttio_guard              0x20000076    0x1  Data  Lc  XShttio.o [3]
waterpump_init          0x08004c41   0x2c  Code  Gb  waterpump.o [1]
xfac                    0x2000005c    0x4  Data  Gb  touch.o [1]
xoff                    0x20000072    0x2  Data  Gb  touch.o [1]
yfac                    0x20000060    0x4  Data  Gb  touch.o [1]
yoff                    0x20000074    0x2  Data  Gb  touch.o [1]


[1] = C:\Users\pnu5\Downloads\project_test\Debug\Obj
[2] = command line
[3] = dl7M_tln.a
[4] = m7M_tl.a
[5] = rt7M_tl.a
[6] = shb_l.a

  17 776 bytes of readonly  code memory
   4 233 bytes of readonly  data memory
   4 215 bytes of readwrite data memory

Errors: none
Warnings: none
